Вывод некорректен начиная с формулы номер 2: используется правило с квантором по переменной x входящей свободно в допущение (@xP(x)&Q(x))
