Вывод некорректен начиная с формулы номер 93: используется правило с квантором по переменной x входящей свободно в допущение (Q(x)&((0=0)->((0=0)->(0=0))))
