Вывод некорректен начиная с формулы номер 6: используется правило с квантором по переменной x входящей свободно в допущение (Q(x)&@xP(x))
