Вывод некорректен начиная с формулы номер 2: используется правило с квантором по переменной y входящей свободно в допущение @tP(f(y))
